main.c:225:19:update_nvitems	40	static
main.c:265:6:_60_Cvt	0	static
main.c:345:6:Select_Key	16	static
main.c:385:6:Long_Key	0	static
main.c:393:6:Double_Click	0	static
main.c:410:6:HAL_GPIO_EXTI_Callback	24	static
main.c:472:6:LCD_Blink	24	static
main.c:539:6:TIME_Setting	4	static
main.c:582:6:MUSIC_Select	24	static
main.c:623:6:_12_Cvt	16	static
main.c:649:6:LCD_Display	48	static
main.c:679:6:ADC_Button	8	static
main.c:713:6:TIME_Init	8	static
main.c:740:6:MUSIC_Play	16	static
main.c:775:6:ALARM_Check	0	static
main.c:308:6:HAL_TIM_PeriodElapsedCallback	8	static
main.c:784:6:BT_Button	8	static
main.c:815:6:HAL_UART_RxCpltCallback	8	static
main.c:895:6:SystemClock_Config	88	static,ignoring_inline_asm
main.c:831:5:main	96	static,ignoring_inline_asm
main.c:1408:1:__io_putchar	16	static
main.c:1422:6:Error_Handler	0	static,ignoring_inline_asm
