stm32f4xx_hal_msp.c:65:6:HAL_MspInit	8	static
stm32f4xx_hal_msp.c:87:6:HAL_ADC_MspInit	40	static
stm32f4xx_hal_msp.c:120:6:HAL_ADC_MspDeInit	0	static
stm32f4xx_hal_msp.c:148:6:HAL_I2C_MspInit	48	static
stm32f4xx_hal_msp.c:184:6:HAL_I2C_MspDeInit	8	static
stm32f4xx_hal_msp.c:215:6:HAL_RTC_MspInit	56	static
stm32f4xx_hal_msp.c:247:6:HAL_RTC_MspDeInit	0	static
stm32f4xx_hal_msp.c:269:6:HAL_TIM_Base_MspInit	48	static
stm32f4xx_hal_msp.c:320:6:HAL_TIM_MspPostInit	32	static
stm32f4xx_hal_msp.c:352:6:HAL_TIM_Base_MspDeInit	8	static
stm32f4xx_hal_msp.c:411:6:HAL_UART_MspInit	48	static
stm32f4xx_hal_msp.c:471:6:HAL_UART_MspDeInit	8	static
