main.c:225:19:update_nvitems	64	static
main.c:265:6:_60_Cvt	16	static
main.c:308:6:HAL_TIM_PeriodElapsedCallback	16	static
main.c:345:6:Select_Key	8	static
main.c:385:6:Long_Key	4	static
main.c:393:6:Double_Click	4	static
main.c:410:6:HAL_GPIO_EXTI_Callback	24	static
main.c:472:6:LCD_Blink	24	static
main.c:539:6:TIME_Setting	16	static
main.c:582:6:MUSIC_Select	24	static
main.c:623:6:_12_Cvt	24	static
main.c:649:6:LCD_Display	48	static
main.c:679:6:ADC_Button	8	static
main.c:713:6:TIME_Init	8	static
main.c:739:6:MUSIC_Play	24	static
main.c:774:6:ALARM_Check	8	static
main.c:783:6:BT_Button	8	static
main.c:814:6:HAL_UART_RxCpltCallback	16	static
main.c:830:5:main	8	static
main.c:894:6:SystemClock_Config	88	static
main.c:945:13:MX_NVIC_Init	8	static
main.c:969:13:MX_ADC1_Init	24	static
main.c:1019:13:MX_I2C1_Init	8	static
main.c:1065:13:MX_RTC_Init	8	static
main.c:1099:13:MX_TIM2_Init	32	static
main.c:1144:13:MX_TIM3_Init	64	static
main.c:1203:13:MX_TIM4_Init	32	static
main.c:1248:13:MX_USART3_UART_Init	8	static
main.c:1281:13:MX_USART6_UART_Init	8	static
main.c:1314:13:MX_GPIO_Init	56	static
main.c:1407:1:__io_putchar	16	static
main.c:1421:6:Error_Handler	4	static,ignoring_inline_asm
